Calling module `pam_krb5.so'.
`Password: ' -> `foo'
AUTH	0	Success
OPENSESS	0	Success
‘$testdir/kdc/krb5_cc_$UID_XXXXXX’ -> ‘$testdir/kdc/krb5cc_save’
CLOSESESS	0	Success

Calling module `pam_krb5.so'.
`Password: ' -> `foo'
AUTH	0	Success
REINITCRED	0	Success
FILE:$testdir/kdc/krb5cc_save

